// Jest Snapshot v1, https://goo.gl/fbAQLP

exports[`blurIcon Render 1`] = `
<View
  className="mb-4"
  style={
    [
      {
        "backgroundColor": "transparent",
      },
      [
        {
          "borderRadius": 8,
          "height": 40,
          "width": 40,
        },
        {
          "backgroundColor": "red",
        },
      ],
    ]
  }
  testID="blur-icon"
>
  <ViewManagerAdapter_ExpoBlurView
    proxiedProperties={
      {
        "intensity": 22,
        "tint": "light",
      }
    }
    style={
      {
        "bottom": 0,
        "left": 0,
        "position": "absolute",
        "right": 0,
        "top": 0,
      }
    }
  />
  <View
    accessibilityState={
      {
        "busy": undefined,
        "checked": undefined,
        "disabled": undefined,
        "expanded": undefined,
        "selected": undefined,
      }
    }
    accessibilityValue={
      {
        "max": undefined,
        "min": undefined,
        "now": undefined,
        "text": undefined,
      }
    }
    accessible={true}
    collapsable={false}
    focusable={true}
    onBlur={[Function]}
    onClick={[Function]}
    onFocus={[Function]}
    onResponderGrant={[Function]}
    onResponderMove={[Function]}
    onResponderRelease={[Function]}
    onResponderTerminate={[Function]}
    onResponderTerminationRequest={[Function]}
    onStartShouldSetResponder={[Function]}
    pointerEvents="auto"
    style={
      [
        {
          "alignItems": "center",
          "backgroundColor": "transparent",
          "borderColor": "#1B2021",
          "borderRadius": 16,
          "borderWidth": 0,
          "justifyContent": "center",
          "padding": 8,
        },
        {
          "transform": [
            {
              "scale": 1,
            },
          ],
        },
      ]
    }
    testID="icon-wrapper"
  >
    <Text />
  </View>
</View>
`;
